// Jest Snapshot v1, https://goo.gl/fbAQLP

exports[`test to see if list components are rendered 1`] = `<ul />`;
