// Jest Snapshot v1, https://goo.gl/fbAQLP

exports[`registration page matches snapshot 1`] = `
<div
  id="react-root"
>
  <div
    className="login"
  >
    <div
      className="form-container"
    >
      <form
        className="login-form"
        id="login-form"
        method="post"
        onSubmit={[Function]}
      >
        <div
          className="large-sg-header-homepage-redirect"
        >
          <a
            href="/"
          >
            <div
              aria-disabled="false"
            >
              <img
                alt="large_logo"
                className="large-logo"
                src={Object {}}
              />
            </div>
          </a>
        </div>
        <h2
          className="registrationMessage"
        >
          Sign up to see photos and videos from others.
        </h2>
        <div
          className="regMsg"
          id="regMsg"
        >
          <div
            className="regMsg"
            data-testid="blankregMsg"
            style={
              Object {
                "display": "none",
              }
            }
          >
            <h4>
              One or more fields is/are missing. Please fill in all fields.
            </h4>
          </div>
          <div
            className="regMsg"
            data-testid="emailErrorRegMsg"
            style={
              Object {
                "display": "none",
              }
            }
          >
            <h4>
              Your email is in an invalid format. Please re-enter.
            </h4>
          </div>
          <div
            className="regMsg"
            data-testid="pwRegMsg"
            style={
              Object {
                "display": "none",
              }
            }
          >
            <h4>
              Your password entries do not match. Please re-enter.
            </h4>
          </div>
        </div>
        <div
          className="form-divider"
        >
          <div
            className="form-row-container"
          >
            <div
              className="form-cell"
            >
              <label
                className="form-entry-box"
                htmlFor="formInput6"
              >
                <span
                  className="form-fields"
                >
                  Full Name
                </span>
                <input
                  aria-label="Full Name"
                  aria-required="true"
                  autoCapitalize="off"
                  autoCorrect="off"
                  className="form-field-entry"
                  data-testid="regNameUpdate"
                  id="formInput6"
                  maxLength="100"
                  name="newName"
                  onChange={[Function]}
                  type="text"
                  value=""
                />
              </label>
            </div>
          </div>
          <div
            className="form-row-container"
          >
            <div
              className="form-cell"
            >
              <label
                className="form-entry-box"
                htmlFor="formInput12"
              >
                <span
                  className="form-fields"
                >
                  Username
                </span>
                <input
                  aria-label="Username"
                  aria-required="true"
                  autoCapitalize="off"
                  autoCorrect="off"
                  className="form-field-entry"
                  data-testid="regUsernameUpdate"
                  id="formInput12"
                  maxLength="100"
                  name="newUsername"
                  onChange={[Function]}
                  type="text"
                  value=""
                />
              </label>
            </div>
          </div>
          <div
            className="form-row-container"
          >
            <div
              className="form-cell"
            >
              <label
                className="form-entry-box"
                htmlFor="formInput7"
              >
                <span
                  className="form-fields"
                >
                  Email
                </span>
                <input
                  aria-label="Email"
                  aria-required="true"
                  autoCapitalize="off"
                  autoCorrect="off"
                  className="form-field-entry"
                  data-testid="regEmailUpdate"
                  id="formInput7"
                  maxLength="100"
                  name="newEmail"
                  onChange={[Function]}
                  type="text"
                  value=""
                />
              </label>
            </div>
          </div>
          <div
            className="form-row-container"
          >
            <div
              className="form-cell"
            >
              <label
                className="form-entry-box"
                htmlFor="formInput8"
              >
                <span
                  className="form-fields"
                >
                  Password
                </span>
                <input
                  aria-label="Password"
                  aria-required="true"
                  autoCapitalize="off"
                  autoCorrect="off"
                  className="form-field-entry"
                  data-testid="regPwUpdate"
                  id="formInput8"
                  maxLength="100"
                  name="newPassword"
                  onChange={[Function]}
                  type="password"
                  value=""
                />
              </label>
            </div>
          </div>
          <div
            className="form-row-container"
          >
            <div
              className="form-cell"
            >
              <label
                className="form-entry-box"
                htmlFor="formInput9"
              >
                <span
                  className="form-fields"
                >
                  Confirm Password
                </span>
                <input
                  aria-label="Confirm Password"
                  aria-required="true"
                  autoCapitalize="off"
                  autoCorrect="off"
                  className="form-field-entry"
                  data-testid="regConfirmPwUpdate"
                  id="formInput9"
                  maxLength="100"
                  name="confirmPassword"
                  onChange={[Function]}
                  type="password"
                  value=""
                />
              </label>
            </div>
          </div>
          <br />
          <div
            className="form-submit"
          >
            <button
              className="submit-button"
              type="submit"
            >
              <div
                className="button-label"
              >
                Sign Up
              </div>
            </button>
          </div>
        </div>
        <div
          className="log-in-container"
        >
          <p
            className="log-in-redirect"
          >
            Already have an account?Â 
            <a
              href="/"
            >
              <span
                className="log-in"
                id="regSign"
              >
                Log In
              </span>
            </a>
          </p>
        </div>
      </form>
    </div>
  </div>
</div>
`;

exports[`test to see if registration components are rendered 1`] = `
<div
  id="react-root"
>
  <div
    className="login"
  >
    <div
      className="form-container"
    >
      <form
        className="login-form"
        id="login-form"
        method="post"
        onSubmit={[Function]}
      >
        <div
          className="large-sg-header-homepage-redirect"
        >
          <a
            href="/"
          >
            <div
              aria-disabled="false"
            >
              <img
                alt="large_logo"
                className="large-logo"
                src={Object {}}
              />
            </div>
          </a>
        </div>
        <h2
          className="registrationMessage"
        >
          Sign up to see photos and videos from others.
        </h2>
        <div
          className="regMsg"
          id="regMsg"
        >
          <div
            className="regMsg"
            data-testid="blankregMsg"
            style={
              Object {
                "display": "none",
              }
            }
          >
            <h4>
              One or more fields is/are missing. Please fill in all fields.
            </h4>
          </div>
          <div
            className="regMsg"
            data-testid="emailErrorRegMsg"
            style={
              Object {
                "display": "none",
              }
            }
          >
            <h4>
              Your email is in an invalid format. Please re-enter.
            </h4>
          </div>
          <div
            className="regMsg"
            data-testid="pwRegMsg"
            style={
              Object {
                "display": "none",
              }
            }
          >
            <h4>
              Your password entries do not match. Please re-enter.
            </h4>
          </div>
        </div>
        <div
          className="form-divider"
        >
          <div
            className="form-row-container"
          >
            <div
              className="form-cell"
            >
              <label
                className="form-entry-box"
                htmlFor="formInput6"
              >
                <span
                  className="form-fields"
                >
                  Full Name
                </span>
                <input
                  aria-label="Full Name"
                  aria-required="true"
                  autoCapitalize="off"
                  autoCorrect="off"
                  className="form-field-entry"
                  data-testid="regNameUpdate"
                  id="formInput6"
                  maxLength="100"
                  name="newName"
                  onChange={[Function]}
                  type="text"
                  value=""
                />
              </label>
            </div>
          </div>
          <div
            className="form-row-container"
          >
            <div
              className="form-cell"
            >
              <label
                className="form-entry-box"
                htmlFor="formInput12"
              >
                <span
                  className="form-fields"
                >
                  Username
                </span>
                <input
                  aria-label="Username"
                  aria-required="true"
                  autoCapitalize="off"
                  autoCorrect="off"
                  className="form-field-entry"
                  data-testid="regUsernameUpdate"
                  id="formInput12"
                  maxLength="100"
                  name="newUsername"
                  onChange={[Function]}
                  type="text"
                  value=""
                />
              </label>
            </div>
          </div>
          <div
            className="form-row-container"
          >
            <div
              className="form-cell"
            >
              <label
                className="form-entry-box"
                htmlFor="formInput7"
              >
                <span
                  className="form-fields"
                >
                  Email
                </span>
                <input
                  aria-label="Email"
                  aria-required="true"
                  autoCapitalize="off"
                  autoCorrect="off"
                  className="form-field-entry"
                  data-testid="regEmailUpdate"
                  id="formInput7"
                  maxLength="100"
                  name="newEmail"
                  onChange={[Function]}
                  type="text"
                  value=""
                />
              </label>
            </div>
          </div>
          <div
            className="form-row-container"
          >
            <div
              className="form-cell"
            >
              <label
                className="form-entry-box"
                htmlFor="formInput8"
              >
                <span
                  className="form-fields"
                >
                  Password
                </span>
                <input
                  aria-label="Password"
                  aria-required="true"
                  autoCapitalize="off"
                  autoCorrect="off"
                  className="form-field-entry"
                  data-testid="regPwUpdate"
                  id="formInput8"
                  maxLength="100"
                  name="newPassword"
                  onChange={[Function]}
                  type="password"
                  value=""
                />
              </label>
            </div>
          </div>
          <div
            className="form-row-container"
          >
            <div
              className="form-cell"
            >
              <label
                className="form-entry-box"
                htmlFor="formInput9"
              >
                <span
                  className="form-fields"
                >
                  Confirm Password
                </span>
                <input
                  aria-label="Confirm Password"
                  aria-required="true"
                  autoCapitalize="off"
                  autoCorrect="off"
                  className="form-field-entry"
                  data-testid="regConfirmPwUpdate"
                  id="formInput9"
                  maxLength="100"
                  name="confirmPassword"
                  onChange={[Function]}
                  type="password"
                  value=""
                />
              </label>
            </div>
          </div>
          <br />
          <div
            className="form-submit"
          >
            <button
              className="submit-button"
              type="submit"
            >
              <div
                className="button-label"
              >
                Sign Up
              </div>
            </button>
          </div>
        </div>
        <div
          className="log-in-container"
        >
          <p
            className="log-in-redirect"
          >
            Already have an account?Â 
            <a
              href="/"
            >
              <span
                className="log-in"
                id="regSign"
              >
                Log In
              </span>
            </a>
          </p>
        </div>
      </form>
    </div>
  </div>
</div>
`;
