// Jest Snapshot v1, https://goo.gl/fbAQLP

exports[`successfulRegistration page matches snapshot 1`] = `
<div
  id="react-root"
>
  <div
    className="successfulRegistration"
  >
    <div
      className="small-logo-redirect"
    >
      <a
        href="/"
      >
        <div
          aria-disabled="false"
          role="button"
        >
          <img
            alt="small_logo"
            className="small_logo"
            src={Object {}}
          />
        </div>
      </a>
    </div>
    <div
      className="successfulMessage"
      id="successfulMessage"
    >
      <div
        className="successfulMessageRow"
      >
        Your account has been successfully created! You will be redirected to the Login Page.
      </div>
      <div
        className="successfulMessageRow"
      >
        <p
          className="mainPageredirect"
        >
          <a
            href="/"
          >
            <span
              className="redirectClick"
            >
              Click here
            </span>
          </a>
          Â if the page is not redirected after a while.
        </p>
      </div>
    </div>
  </div>
</div>
`;
